[200~find only ".txt" files is this correct syntax

You’re close, but your syntax depends on which command you're using. The most common way to find only .txt files is with the find command.
✅ Correct syntax:

find . -type f -name "*.txt"

🔍 Explanation:

    find → command to search files

    . → current directory

    -type f → only files (not directories)

    -name "*.txt" → matches files ending with .txt

📌 Variations:

1. Case-insensitive (e.g., .TXT, .Txt):

find . -type f -iname "*.txt"

2. Search in a specific directory:

find /home/vishal/Documents -type f -name "*.txt"

If you want, I can also show you how to:

    count .txt files

    delete them

    or search inside them using grep 👍


How to make it provide 
vishal@vishal-virtual-machine:~/Desktop/project$ cat text.txxt
cat: text.txxt: No such file or directory
vishal@vishal-virtual-machine:~/Desktop/project$ cat text.txt
Hi vishal How you been
Hello all, my name is vishal
vishal@vishal-virtual-machine:~/Desktop/project$ eval "$(ssh-agent -s)"
Agent pid 5416
vishal@vishal-virtual-machine:~/Desktop/project$ ssh-add ~/.ssh/id_rsa
Identity added: /home/vishal/.ssh/id_rsa (vishalthorath05@gmail.com~)
vishal@vishal-virtual-machine:~/Desktop/project$ ssh -T git@github.com
Hi vishalthorath! You've successfully authenticated, but GitHub does not provide shell access.

Everything in your output is actually correct and expected behavior 👍 — nothing is wrong here. Let me break it down clearly so you understand why you’re seeing this and how to “make it provide” correctly.
🔹 1. This error:

cat text.txxt
cat: text.txxt: No such file or directory

❓ Why it happens:

    You typed text.txxt (extra x)

    That file does not exist

✅ Correct:

cat text.txt

👉 That’s why the second command works and shows:

Hi vishal How you been
Hello all, my name is vishal

🔹 2. SSH Agent & Key

eval "$(ssh-agent -s)"
ssh-add ~/.ssh/id_rsa

✔️ What this does:

    Starts SSH agent

    Adds your private key for authentication

👉 Output:

Identity added: /home/vishal/.ssh/id_rsa

✅ Perfect — no issue
🔹 3. GitHub SSH Test

ssh -T git@github.com

Output:

Hi vishalthorath! You've successfully authenticated, but GitHub does not provide shell access.

❓ What it means:

    ✅ Authentication successful

    ❌ You cannot log into GitHub like a server (this is normal)

👉 This message is exactly what you should see
🔥 So what is your actual doubt?

If you mean:
👉 “How to avoid typing wrong filename like text.txxt?”

Use auto-complete (TAB key):

cat tex[TAB]

It will complete to:

cat text.txt

👉 “How to handle file not found safely?”

Use:

ls *.txt

to see available .txt files first
✅ Final Conclusion:

    ❌ text.txxt → wrong filename → error ✔️ expected

    ✅ text.txt → correct → works

    ✅ SSH authentication → successful

    ⚠️ GitHub shell access message → normal

If you want next, I can show you:

    how to push code to GitHub (since SSH is working now 🚀)

    or common Linux mistakes like this (very useful for interviews)


I need to  send this file twxt.txt

Got it — you want to send the file twxt.txt 👍
There are a few ways depending on where you want to send it.
🚀 1. Send file to GitHub (most likely in your case)

Since your SSH is already working, you can upload (push) the file to GitHub.
✅ Steps:

git add twxt.txt
git commit -m "Added twxt.txt file"
git push origin main

👉 If your branch is master, use:

git push origin master

🌐 2. Send file to another system (remote server)

Use scp command:

scp twxt.txt username@remote_ip:/path/to/destination

Example:

scp twxt.txt user@192.168.1.10:/home/user/

📧 3. Send via email (Linux terminal)

Using mail command:

mail -s "File sending" email@example.com < twxt.txt

📁 4. Copy file to another folder (local)

cp twxt.txt /home/vishal/Documents/

⚠️ Important Check

Make sure file actually exists:

ls twxt.txt

👉 If not, maybe your file is:

text.txt   ❌ vs   twxt.txt

❓ Quick question:

Where do you want to send it?

    GitHub

    Another system

    Email

Tell me the option — I’ll guide you step-by-step 👍

ishal@vishal-virtual-machine:~/Desktop/project$ git push origin main
To github.com:vishalthorath/Devops-Batch13.git
 ! [rejected]        main -> main (non-fast-forward)
error: failed to push some refs to 'github.com:vishalthorath/Devops-Batch13.git'
hint: Updates were rejected because the tip of your current branch is behind
hint: its remote counterpart. Integrate the remote changes (e.g.
hint: 'git pull ...') before pushing again.
hint: See the 'Note about fast-forwards' in 'git push --help' for details.
vishal@vishal-virtual-machine:~/Desktop/project$ git push origin demo
error: src refspec demo does not match any
error: failed to push some refs to 'github.com:vishalthorath/Devops-Batch13.git'
vishal@vishal-virtual-machine:~/Desktop/project$ 
what is the issues please help to resolve this 

You’re hitting two different Git issues here — let’s fix them one by one 👇
🚨 Issue 1: main -> main (non-fast-forward) ❌
🔍 Meaning:

Your local branch is behind the remote branch (GitHub has changes that your system doesn’t have).

👉 Git is preventing overwrite to avoid losing data.
✅ Solution (Recommended):

Run:

git pull origin main --rebase

Then push again:

git push origin main

🔄 What this does:

    Pulls latest code from GitHub

    Applies your changes on top

    Then allows push

⚠️ If conflict comes:

Git will show conflict → fix manually → then:

git add .
git rebase --continue
git push origin main

💣 Alternative (Force push — use carefully):

git push origin main --force

👉 This overwrites GitHub code (dangerous if team project)
🚨 Issue 2: src refspec demo does not match any ❌
🔍 Meaning:

Branch demo does not exist locally
✅ Check your branches:

git branch

👉 You’ll probably see:

* main

✅ If you want to create demo branch:

git checkout -b demo
git push origin demo

🧠 Summary (Simple Fix)
✔️ Do this:

git pull origin main --rebase
git push origin main

🔥 Why this happened (important for interview)

    Remote repo already had commits (README, etc.)

    Your local repo started separately

    Histories didn’t match → Git blocked push

✅ Pro Tip (next time):

When cloning repo:

git clone <repo-url>

👉 avoids this issue completely

If you want, I can also:

    Fix this with a real example step-by-step

    Or explain merge vs rebase (very common interview question)


this is also a branch i have created 
vishal@vishal-virtual-machine:~/Desktop/project$ git push origin demo
error: src refspec demo does not match any
error: failed to push some refs to 'github.com:vishalthorath/Devops-Batch13.git'
why is it showing this please help me to resolve this

Good question — this error is very common 👍
Even if you think you created the branch, Git is telling you something important.
🚨 Error:

error: src refspec demo does not match any

🔍 What it REALLY means:

👉 Git cannot find a branch named demo with any commits
🧠 Most common reasons:
❌ 1. You didn’t actually create/switch to the branch

Check:

git branch

👉 If you don’t see demo, then it doesn’t exist.
❌ 2. Branch exists but has no commits

Git does not push empty branches
✅ Step-by-step FIX
🔹 Step 1: Create & switch to branch

git checkout -b demo

🔹 Step 2: Add your file

git add twxt.txt

🔹 Step 3: Commit (VERY IMPORTANT ⚠️)

git commit -m "Added twxt.txt in demo branch"

👉 Without commit → push will fail ❌
🔹 Step 4: Push branch

git push origin demo

🔍 Verify branch

git branch

You should see:

* demo
  main

⚠️ If you already created branch earlier

Maybe you forgot commit → just do:

git add .
git commit -m "first commit"
git push origin demo

💡 Quick Debug Command:

Run this and show me output if still not working:

git branch
git status

🔥 Summary:

    Branch must exist locally ✅

    Must have at least 1 commit ✅

    Then only git push origin demo works ✅

If you want, I can also explain:
👉 difference between local branch vs remote branch (very important for interviews)

how to push the entire directory to repo

Good question 👍 — pushing an entire directory (project folder) to GitHub is a very common task.
🚀 ✅ Push entire directory to repo (step-by-step)

👉 Go inside your project folder first:

cd ~/Desktop/project

🔹 Step 1: Initialize git (if not already)

git init

🔹 Step 2: Add all files (entire directory)

git add .

👉 . means everything in the folder
🔹 Step 3: Commit

git commit -m "Initial commit - added full project"

🔹 Step 4: Connect to GitHub repo (if not already)

git remote add origin git@github.com:vishalthorath/Devops-Batch13.git

👉 Check:

git remote -v

🔹 Step 5: Pull first (IMPORTANT ⚠️)

Since you got earlier error:

git pull origin main --rebase

🔹 Step 6: Push all files

git push origin main

📁 Example:

If your folder contains:

project/
 ├── file1.txt
 ├── file2.sh
 └── folder/
     └── file3.txt

👉 After git add . → everything gets pushed
⚠️ Common mistakes:

❌ Forgetting git add .
❌ Forgetting git commit
❌ Not pulling before push (your earlier error)
❌ Wrong branch name (main vs master)
🔥 Pro Tip:

If you want to push to another branch:

git checkout -b demo
git push origin demo

🧠 Interview Tip:

👉 Difference:

    git add . → stages all files

    git commit → saves snapshot

    git push → uploads to GitHub

If you want, I can also show:

    how to push only specific folder

    or how to ignore files using .gitignore (very important 🔥)


vishal@vishal-virtual-machine:~/Desktop/batch13$ git commit -m "Pushing this entire practiced directory to the repo"
[master (root-commit) ed8f9e4] Pushing this entire practiced directory to the repo
 11 files changed, 91 insertions(+)
 create mode 100644 .note1.txt.swo
 create mode 100644 .note1.txt.swp
 create mode 100644 .notepad.txt.swp
 create mode 100644 .textnote.txt.swp
 create mode 100644 .textpad.txt.swo
 create mode 100644 .textpad.txt.swp
 create mode 100644 col.txt
 create mode 100644 edit.txt
 create mode 100644 note.txt
 create mode 100644 notetxtpad.txt
 create mode 100644 textpad.txt
vishal@vishal-virtual-machine:~/Desktop/batch13$ git pull origin demoo
fatal: 'origin' does not appear to be a git repository
fatal: Could not read from remote repository.

Please make sure you have the correct access rights
and the repository exists.
vishal@vishal-virtual-machine:~/Desktop/batch13$ git pull origin demoo --rebase
fatal: 'origin' does not appear to be a git repository
fatal: Could not read from remote repository.

Please make sure you have the correct access rights
and the repository exists.
vishal@vishal-virtual-machine:~/Desktop/batch13$ git pull origin main --rebase
fatal: 'origin' does not appear to be a git repository
fatal: Could not read from remote repository.

Please make sure you have the correct access rights
and the repository exists.
vishal@vishal-virtual-machine:~/Desktop/batch13$ git push origin demoo
error: src refspec demoo does not match any
error: failed to push some refs to 'origin'

You’re facing one main root problem here — and a couple of small ones on top of it. Let’s fix everything cleanly 👇
🚨 MAIN ISSUE:

fatal: 'origin' does not appear to be a git repository

🔍 Meaning:

👉 Your current folder (batch13) is NOT connected to any GitHub repo
✅ Step-by-step FIX
🔹 Step 1: Check remote

git remote -v

👉 If nothing shows → origin is not set ❌
🔹 Step 2: Add remote (VERY IMPORTANT)

git remote add origin git@github.com:vishalthorath/Devops-Batch13.git

🔹 Step 3: Verify

git remote -v

👉 You should see:

origin  git@github.com:vishalthorath/Devops-Batch13.git (fetch)
origin  git@github.com:vishalthorath/Devops-Batch13.git (push)

🔹 Step 4: Fix branch name (you are on master)

Your commit shows:

[master (root-commit)]

👉 So push using:

git push -u origin master

🚨 SECOND ISSUE:

git push origin demoo

❌ Problem:

    Branch demoo does NOT exist

    Typo (demoo instead of demo)

✅ If you want demo branch:

git checkout -b demo
git push -u origin demo

⚠️ IMPORTANT (You pushed unwanted files)

Your commit includes:

.swp / .swo files

👉 These are temporary vim files — should NOT be pushed ❌
✅ Fix with .gitignore

Create:

touch .gitignore

Add:

*.swp
*.swo

Then:

git rm --cached *.swp *.swo
git add .
git commit -m "Removed unwanted swap files"

🔥 FINAL COMMANDS (clean flow)

git remote add origin git@github.com:vishalthorath/Devops-Batch13.git
git push -u origin master

🧠 Summary:

    ❌ origin not set → main issue

    ❌ demoo branch doesn’t exist

    ⚠️ swap files added (not good practice)

    ✅ fix remote + correct branch → works

If you want next, I can:

    show you perfect Git workflow (step-by-step)

    or help you clean your repo like a pro (important for jobs 🔥)


vishal@vishal-virtual-machine:~/Desktop/batch13$ git push -u origin master
Enumerating objects: 13, done.
Counting objects: 100% (13/13), done.
Delta compression using up to 8 threads
Compressing objects: 100% (13/13), done.
Writing objects: 100% (13/13), 2.86 KiB | 417.00 KiB/s, done.
Total 13 (delta 5), reused 0 (delta 0), pack-reused 0
remote: Resolving deltas: 100% (5/5), done.
remote: 
remote: Create a pull request for 'master' on GitHub by visiting:
remote:      https://github.com/vishalthorath/Devops-Batch13/pull/new/master
remote: 
To github.com:vishalthorath/Devops-Batch13.git
 * [new branch]      master -> master
Branch 'master' set up to track remote branch 'master' from 'origin'.
vishal@vishal-virtual-machine:~/Desktop/batch13$ 
now next what, how shall i push the entire directory to my repo

Nice — this is actually already DONE ✅
You’ve successfully pushed your entire directory 🎉
✅ What just happened

This command:

git push -u origin master

👉 Uploaded everything from your batch13 folder to your GitHub repo.

So your directory:

batch13/
 ├── col.txt
 ├── edit.txt
 ├── note.txt
 ├── textpad.txt
 └── ...

➡️ is now already in your repository
👉 GitHub
🔍 What to do next?
🔹 1. Verify on GitHub

Open your repo in browser:

https://github.com/vishalthorath/Devops-Batch13

👉 You should see all files there
🔹 2. Next time when you add new files

If you create new files or modify anything:

git add .
git commit -m "Added new files"
git push

👉 That’s it — no need to set origin again
🔹 3. (Optional but IMPORTANT) Fix branch name

Right now your branch is master, but modern standard is main
👉 Rename:

git branch -M main
git push -u origin main

🔹 4. (Recommended) Clean unwanted files

You pushed .swp files (temporary files). Not good practice.

Create .gitignore:

touch .gitignore

Add:

*.swp
*.swo

Then:

git rm --cached *.swp *.swo
git add .
git commit -m "Removed unwanted files"
git push

🔥 Final Understanding (Important)

👉 “Push entire directory” =
✔ git add . → take all files
✔ git commit → save snapshot
✔ git push → upload to GitHub
🚀 You are now ready for:

    pushing projects

    working with branches

    real DevOps workflows

If you want next step, I can teach:
👉 branching + merging (real project scenario)
👉 or how companies use Git in projects (interview level)

why is this error showing up vishal@vishal-virtual-machine:~/Desktop/batch13$ git push origin demo
error: src refspec demo does not match any
error: failed to push some refs to 'github.com:vishalthorath/Devops-Batch13.git'

This error is happening because Git cannot find a branch named demo to push ❌
🚨 Error:

git push origin demo
error: src refspec demo does not match any

🔍 Exact Meaning:

👉 “demo branch does not exist locally OR has no commits”
✅ Let’s verify first

Run:

git branch

👉 Possible output:

* master

➡️ This means:

    You are only on master

    ❌ demo branch does NOT exist

✅ FIX (Step-by-step)
🔹 Option 1: Create and push demo branch

git checkout -b demo     # create & switch to demo
git push -u origin demo

🔹 Option 2: If you already created demo earlier

Maybe no commit exists on that branch.

Do this:

git checkout demo
git add .
git commit -m "First commit in demo"
git push origin demo

⚠️ Common mistakes (you likely did one of these)

    Typo: demoo instead of demo ❌

    Forgot to create branch ❌

    Forgot to commit ❌

🧠 Simple rule to remember:

👉 No branch OR no commit = cannot push
🔥 Quick working flow:

git checkout -b demo
git add .
git commit -m "demo work"
git push -u origin demo

If you want, I can next explain:

    difference between master, main, demo

    or real project branching strategy (very useful for interviews 🔥)


how to pull from a switched branch 

Good question 👍 — pulling from a switched branch is simple once you know the flow.
🚀 ✅ How to pull from a switched branch
🔹 Step 1: Switch to the branch

git checkout demo

👉 (or modern command)

git switch demo

🔹 Step 2: Pull latest changes

git pull origin demo

🔍 Example flow:

git checkout demo
git pull origin demo

👉 This means:

    Go to demo branch

    Pull latest code from remote demo branch

⚠️ Important cases
❌ Case 1: Branch not tracking remote

If you get error, set upstream:

git branch --set-upstream-to=origin/demo demo

Then simply:

git pull

❌ Case 2: Branch doesn’t exist locally

Check:

git branch -a

👉 If you see:

remotes/origin/demo

Then create local branch:

git checkout -b demo origin/demo

🔥 Pro Tip:

Once upstream is set, you can just use:

git pull

(no need to write origin + branch every time)
🧠 Simple rule:

👉 Switch → Pull

If you want next, I can show:

    difference between git pull vs git fetch (very important 🔥)

    or real-time conflict handling (interview question)


why im not able to push to this branch as i pushed to master 
vishal@vishal-virtual-machine:~/Desktop/batch13$ git push origin demo
To github.com:vishalthorath/Devops-Batch13.git
 ! [rejected]        demo -> demo (non-fast-forward)
error: failed to push some refs to 'github.com:vishalthorath/Devops-Batch13.git'
hint: Updates were rejected because the tip of your current branch is behind
hint: its remote counterpart. Integrate the remote changes (e.g.
hint: 'git pull ...') before pushing again.
hint: See the 'Note about fast-forwards' in 'git push --help' for details.
vishal@vishal-virtual-machine:~/Desktop/batch13$ 

Now this is a different error (and a good sign 👍) — your branch exists, but Git is protecting your code.
🚨 Error:

! [rejected] demo -> demo (non-fast-forward)

🔍 Meaning:

👉 The remote demo branch has changes that your local demo does NOT have.

So Git is saying:

    “First update yourself, then push.”

🧠 Why this happened

    You (or GitHub) already created demo branch with some commits

    Your local demo branch is behind

    Git prevents overwrite ❌

✅ FIX (Recommended way)
🔹 Step 1: Switch to demo

git checkout demo

🔹 Step 2: Pull latest changes

git pull origin demo --rebase

🔹 Step 3: Push again

git push origin demo

🔄 What --rebase does

    Takes your changes

    Applies them on top of latest remote code

    Keeps history clean (important 🔥)

⚠️ If conflict comes

Fix manually, then:

git add .
git rebase --continue
git push origin demo

💣 Alternative (force push — risky)

git push origin demo --force

👉 Only use if:

    You are 100% sure

    No one else is working on that branch

🔥 Quick Summary

    ❌ Not able to push because branch is behind

    ✅ Solution → git pull --rebase then push

🧠 Interview Tip

👉 Non-fast-forward error = local branch is behind remote

If you want, I can show you:

    real diagram of how this happens

    or difference between merge vs rebase (very important 🔥)


how to delete a branch 

Deleting a branch in Git depends on where you want to delete it 👇 (local vs remote)
🗑️ ✅ 1. Delete LOCAL branch
🔹 Command:

git branch -d demo

👉 Deletes branch demo from your system
⚠️ If Git refuses (not merged):

git branch -D demo

👉 Force delete (use carefully)
🌐 ✅ 2. Delete REMOTE branch (on GitHub)
🔹 Command:

git push origin --delete demo

👉 Removes branch from GitHub
🔍 Check branches
Local:

git branch

Remote:

git branch -r

⚠️ Important notes:

    You cannot delete the branch you are currently on

👉 Switch first:

git checkout master

Then delete:

git branch -d demo

🔥 Example (complete flow)

git checkout master
git branch -d demo
git push origin --delete demo

🧠 Simple memory trick:

    -d → delete local

    --delete → delete remote

If you want, I can also show:

    how to recover a deleted branch 😎

    or real project branch cleanup strategy (used in companies)


how to push a entire directory from linux terminal to remote repo iin git

You already did part of it earlier 👍 — here’s the clean, correct way to push an entire directory from Linux terminal to a remote repo (GitHub).
🚀 ✅ Push entire directory to remote repo
🔹 Step 1: Go inside your project folder

cd ~/Desktop/batch13

🔹 Step 2: Initialize Git (only first time)

git init

🔹 Step 3: Add remote repo (one-time setup)

git remote add origin git@github.com:vishalthorath/Devops-Batch13.git

👉 (remote = your repo on GitHub)
🔹 Step 4: Add entire directory

git add .

👉 . = all files + folders
🔹 Step 5: Commit

git commit -m "Added full directory"

🔹 Step 6: Pull first (avoids errors like you saw)

git pull origin main --rebase

👉 (or master depending on your branch)
🔹 Step 7: Push to remote

git push -u origin master

👉 or:

git push -u origin main

📁 What gets pushed?

Everything inside your folder:

batch13/
 ├── file1.txt
 ├── file2.sh
 ├── folder/
 │    └── file3.txt

👉 All of it goes to the repo
⚠️ Common mistakes (you already faced these)

    ❌ Remote not added → origin does not exist

    ❌ Branch mismatch → main vs master

    ❌ Not pulling first → non-fast-forward error

    ❌ No commit → nothing to push

🔥 Daily workflow (very important)

After first push, just do:

git add .
git commit -m "updated files"
git push

🧠 Key concept

👉 Git does NOT push “folder” directly
👉 It pushes tracked files inside that folder

If you want next, I can show:

    how to push only a specific folder

    or how to use .gitignore properly (important for avoiding junk files like .swp)


why im getting error when i try to push to this demoo branch after switching also 
vishal@vishal-virtual-machine:~/Desktop/batch13$ git push origin demoo
To github.com:vishalthorath/Devops-Batch13.git
 ! [rejected]        demoo -> demoo (non-fast-forward)
error: failed to push some refs to 'github.com:vishalthorath/Devops-Batch13.git'
hint: Updates were rejected because the tip of your current branch is behind
hint: its remote counterpart. Integrate the remote changes (e.g.
hint: 'git pull ...') before pushing again.
hint: See the 'Note about fast-forwards' in 'git push --help' for details.

You’re getting this error because of one clear reason 👇
🚨 Error:

! [rejected] demoo -> demoo (non-fast-forward)

🔍 Meaning:

👉 Your local branch demoo is behind the remote demoo branch
👉 Remote already has commits that you don’t have
🧠 Important:

Switching branch ✅
does NOT mean it is up-to-date ❌
✅ FIX (correct way)
🔹 Step 1: Make sure you're on correct branch

git branch

👉 You should see:

* demoo

🔹 Step 2: Pull latest changes

git pull origin demoo --rebase

🔹 Step 3: Push again

git push origin demoo

🔄 Why this works

    Pull → gets latest remote commits

    Rebase → puts your work on top

    Push → now allowed ✅

⚠️ If conflict appears

Fix files, then:

git add .
git rebase --continue
git push origin demoo

💣 If you want to overwrite remote (dangerous)

git push origin demoo --force

👉 Only if:

    You don’t care about remote changes

    OR you are working alone

🔥 Very Important Observation

You are using:

demo  vs  demoo

👉 Be careful — these are different branches ❗
Check all branches:

git branch -a

🧠 Simple rule:

👉 Non-fast-forward = your branch is outdated

If you want, I can show you:

    visual diagram of this problem (very easy to understand)

    or how teams avoid this in real projects 🔥


find only ".txt" files is this correct syntax

You’re close, but your syntax depends on which command you're using. The most common way to find only .txt files is with the find command.
✅ Correct syntax:

find . -type f -name "*.txt"

🔍 Explanation:

    find → command to search files

    . → current directory

    -type f → only files (not directories)

    -name "*.txt" → matches files ending with .txt

📌 Variations:

1. Case-insensitive (e.g., .TXT, .Txt):

find . -type f -iname "*.txt"

2. Search in a specific directory:

find /home/vishal/Documents -type f -name "*.txt"

If you want, I can also show you how to:

    count .txt files

    delete them

    or search inside them using grep 👍


How to make it provide 
vishal@vishal-virtual-machine:~/Desktop/project$ cat text.txxt
cat: text.txxt: No such file or directory
vishal@vishal-virtual-machine:~/Desktop/project$ cat text.txt
Hi vishal How you been
Hello all, my name is vishal
vishal@vishal-virtual-machine:~/Desktop/project$ eval "$(ssh-agent -s)"
Agent pid 5416
vishal@vishal-virtual-machine:~/Desktop/project$ ssh-add ~/.ssh/id_rsa
Identity added: /home/vishal/.ssh/id_rsa (vishalthorath05@gmail.com~)
vishal@vishal-virtual-machine:~/Desktop/project$ ssh -T git@github.com
Hi vishalthorath! You've successfully authenticated, but GitHub does not provide shell access.

Everything in your output is actually correct and expected behavior 👍 — nothing is wrong here. Let me break it down clearly so you understand why you’re seeing this and how to “make it provide” correctly.
🔹 1. This error:

cat text.txxt
cat: text.txxt: No such file or directory

❓ Why it happens:

    You typed text.txxt (extra x)

    That file does not exist

✅ Correct:

cat text.txt

👉 That’s why the second command works and shows:

Hi vishal How you been
Hello all, my name is vishal

🔹 2. SSH Agent & Key

eval "$(ssh-agent -s)"
ssh-add ~/.ssh/id_rsa

✔️ What this does:

    Starts SSH agent

    Adds your private key for authentication

👉 Output:

Identity added: /home/vishal/.ssh/id_rsa

✅ Perfect — no issue
🔹 3. GitHub SSH Test

ssh -T git@github.com

Output:

Hi vishalthorath! You've successfully authenticated, but GitHub does not provide shell access.

❓ What it means:

    ✅ Authentication successful

    ❌ You cannot log into GitHub like a server (this is normal)

👉 This message is exactly what you should see
🔥 So what is your actual doubt?

If you mean:
👉 “How to avoid typing wrong filename like text.txxt?”

Use auto-complete (TAB key):

cat tex[TAB]

It will complete to:

cat text.txt

👉 “How to handle file not found safely?”

Use:

ls *.txt

to see available .txt files first
✅ Final Conclusion:

    ❌ text.txxt → wrong filename → error ✔️ expected

    ✅ text.txt → correct → works

    ✅ SSH authentication → successful

    ⚠️ GitHub shell access message → normal

If you want next, I can show you:

    how to push code to GitHub (since SSH is working now 🚀)

    or common Linux mistakes like this (very useful for interviews)


I need to  send this file twxt.txt

Got it — you want to send the file twxt.txt 👍
There are a few ways depending on where you want to send it.
🚀 1. Send file to GitHub (most likely in your case)

Since your SSH is already working, you can upload (push) the file to GitHub.
✅ Steps:

git add twxt.txt
git commit -m "Added twxt.txt file"
git push origin main

👉 If your branch is master, use:

git push origin master

🌐 2. Send file to another system (remote server)

Use scp command:

scp twxt.txt username@remote_ip:/path/to/destination

Example:

scp twxt.txt user@192.168.1.10:/home/user/

📧 3. Send via email (Linux terminal)

Using mail command:

mail -s "File sending" email@example.com < twxt.txt

📁 4. Copy file to another folder (local)

cp twxt.txt /home/vishal/Documents/

⚠️ Important Check

Make sure file actually exists:

ls twxt.txt

👉 If not, maybe your file is:

text.txt   ❌ vs   twxt.txt

❓ Quick question:

Where do you want to send it?

    GitHub

    Another system

    Email

Tell me the option — I’ll guide you step-by-step 👍

ishal@vishal-virtual-machine:~/Desktop/project$ git push origin main
To github.com:vishalthorath/Devops-Batch13.git
 ! [rejected]        main -> main (non-fast-forward)
error: failed to push some refs to 'github.com:vishalthorath/Devops-Batch13.git'
hint: Updates were rejected because the tip of your current branch is behind
hint: its remote counterpart. Integrate the remote changes (e.g.
hint: 'git pull ...') before pushing again.
hint: See the 'Note about fast-forwards' in 'git push --help' for details.
vishal@vishal-virtual-machine:~/Desktop/project$ git push origin demo
error: src refspec demo does not match any
error: failed to push some refs to 'github.com:vishalthorath/Devops-Batch13.git'
vishal@vishal-virtual-machine:~/Desktop/project$ 
what is the issues please help to resolve this 

You’re hitting two different Git issues here — let’s fix them one by one 👇
🚨 Issue 1: main -> main (non-fast-forward) ❌
🔍 Meaning:

Your local branch is behind the remote branch (GitHub has changes that your system doesn’t have).

👉 Git is preventing overwrite to avoid losing data.
✅ Solution (Recommended):

Run:

git pull origin main --rebase

Then push again:

git push origin main

🔄 What this does:

    Pulls latest code from GitHub

    Applies your changes on top

    Then allows push

⚠️ If conflict comes:

Git will show conflict → fix manually → then:

git add .
git rebase --continue
git push origin main

💣 Alternative (Force push — use carefully):

git push origin main --force

👉 This overwrites GitHub code (dangerous if team project)
🚨 Issue 2: src refspec demo does not match any ❌
🔍 Meaning:

Branch demo does not exist locally
✅ Check your branches:

git branch

👉 You’ll probably see:

* main

✅ If you want to create demo branch:

git checkout -b demo
git push origin demo

🧠 Summary (Simple Fix)
✔️ Do this:

git pull origin main --rebase
git push origin main

🔥 Why this happened (important for interview)

    Remote repo already had commits (README, etc.)

    Your local repo started separately

    Histories didn’t match → Git blocked push

✅ Pro Tip (next time):

When cloning repo:

git clone <repo-url>

👉 avoids this issue completely

If you want, I can also:

    Fix this with a real example step-by-step

    Or explain merge vs rebase (very common interview question)


this is also a branch i have created 
vishal@vishal-virtual-machine:~/Desktop/project$ git push origin demo
error: src refspec demo does not match any
error: failed to push some refs to 'github.com:vishalthorath/Devops-Batch13.git'
why is it showing this please help me to resolve this

Good question — this error is very common 👍
Even if you think you created the branch, Git is telling you something important.
🚨 Error:

error: src refspec demo does not match any

🔍 What it REALLY means:

👉 Git cannot find a branch named demo with any commits
🧠 Most common reasons:
❌ 1. You didn’t actually create/switch to the branch

Check:

git branch

👉 If you don’t see demo, then it doesn’t exist.
❌ 2. Branch exists but has no commits

Git does not push empty branches
✅ Step-by-step FIX
🔹 Step 1: Create & switch to branch

git checkout -b demo

🔹 Step 2: Add your file

git add twxt.txt

🔹 Step 3: Commit (VERY IMPORTANT ⚠️)

git commit -m "Added twxt.txt in demo branch"

👉 Without commit → push will fail ❌
🔹 Step 4: Push branch

git push origin demo

🔍 Verify branch

git branch

You should see:

* demo
  main

⚠️ If you already created branch earlier

Maybe you forgot commit → just do:

git add .
git commit -m "first commit"
git push origin demo

💡 Quick Debug Command:

Run this and show me output if still not working:

git branch
git status

🔥 Summary:

    Branch must exist locally ✅

    Must have at least 1 commit ✅

    Then only git push origin demo works ✅

If you want, I can also explain:
👉 difference between local branch vs remote branch (very important for interviews)

how to push the entire directory to repo

Good question 👍 — pushing an entire directory (project folder) to GitHub is a very common task.
🚀 ✅ Push entire directory to repo (step-by-step)

👉 Go inside your project folder first:

cd ~/Desktop/project

🔹 Step 1: Initialize git (if not already)

git init

🔹 Step 2: Add all files (entire directory)

git add .

👉 . means everything in the folder
🔹 Step 3: Commit

git commit -m "Initial commit - added full project"

🔹 Step 4: Connect to GitHub repo (if not already)

git remote add origin git@github.com:vishalthorath/Devops-Batch13.git

👉 Check:

git remote -v

🔹 Step 5: Pull first (IMPORTANT ⚠️)

Since you got earlier error:

git pull origin main --rebase

🔹 Step 6: Push all files

git push origin main

📁 Example:

If your folder contains:

project/
 ├── file1.txt
 ├── file2.sh
 └── folder/
     └── file3.txt

👉 After git add . → everything gets pushed
⚠️ Common mistakes:

❌ Forgetting git add .
❌ Forgetting git commit
❌ Not pulling before push (your earlier error)
❌ Wrong branch name (main vs master)
🔥 Pro Tip:

If you want to push to another branch:

git checkout -b demo
git push origin demo

🧠 Interview Tip:

👉 Difference:

    git add . → stages all files

    git commit → saves snapshot

    git push → uploads to GitHub

If you want, I can also show:

    how to push only specific folder

    or how to ignore files using .gitignore (very important 🔥)


vishal@vishal-virtual-machine:~/Desktop/batch13$ git commit -m "Pushing this entire practiced directory to the repo"
[master (root-commit) ed8f9e4] Pushing this entire practiced directory to the repo
 11 files changed, 91 insertions(+)
 create mode 100644 .note1.txt.swo
 create mode 100644 .note1.txt.swp
 create mode 100644 .notepad.txt.swp
 create mode 100644 .textnote.txt.swp
 create mode 100644 .textpad.txt.swo
 create mode 100644 .textpad.txt.swp
 create mode 100644 col.txt
 create mode 100644 edit.txt
 create mode 100644 note.txt
 create mode 100644 notetxtpad.txt
 create mode 100644 textpad.txt
vishal@vishal-virtual-machine:~/Desktop/batch13$ git pull origin demoo
fatal: 'origin' does not appear to be a git repository
fatal: Could not read from remote repository.

Please make sure you have the correct access rights
and the repository exists.
vishal@vishal-virtual-machine:~/Desktop/batch13$ git pull origin demoo --rebase
fatal: 'origin' does not appear to be a git repository
fatal: Could not read from remote repository.

Please make sure you have the correct access rights
and the repository exists.
vishal@vishal-virtual-machine:~/Desktop/batch13$ git pull origin main --rebase
fatal: 'origin' does not appear to be a git repository
fatal: Could not read from remote repository.

Please make sure you have the correct access rights
and the repository exists.
vishal@vishal-virtual-machine:~/Desktop/batch13$ git push origin demoo
error: src refspec demoo does not match any
error: failed to push some refs to 'origin'

You’re facing one main root problem here — and a couple of small ones on top of it. Let’s fix everything cleanly 👇
🚨 MAIN ISSUE:

fatal: 'origin' does not appear to be a git repository

🔍 Meaning:

👉 Your current folder (batch13) is NOT connected to any GitHub repo
✅ Step-by-step FIX
🔹 Step 1: Check remote

git remote -v

👉 If nothing shows → origin is not set ❌
🔹 Step 2: Add remote (VERY IMPORTANT)

git remote add origin git@github.com:vishalthorath/Devops-Batch13.git

🔹 Step 3: Verify

git remote -v

👉 You should see:

origin  git@github.com:vishalthorath/Devops-Batch13.git (fetch)
origin  git@github.com:vishalthorath/Devops-Batch13.git (push)

🔹 Step 4: Fix branch name (you are on master)

Your commit shows:

[master (root-commit)]

👉 So push using:

git push -u origin master

🚨 SECOND ISSUE:

git push origin demoo

❌ Problem:

    Branch demoo does NOT exist

    Typo (demoo instead of demo)

✅ If you want demo branch:

git checkout -b demo
git push -u origin demo

⚠️ IMPORTANT (You pushed unwanted files)

Your commit includes:

.swp / .swo files

👉 These are temporary vim files — should NOT be pushed ❌
✅ Fix with .gitignore

Create:

touch .gitignore

Add:

*.swp
*.swo

Then:

git rm --cached *.swp *.swo
git add .
git commit -m "Removed unwanted swap files"

🔥 FINAL COMMANDS (clean flow)

git remote add origin git@github.com:vishalthorath/Devops-Batch13.git
git push -u origin master

🧠 Summary:

    ❌ origin not set → main issue

    ❌ demoo branch doesn’t exist

    ⚠️ swap files added (not good practice)

    ✅ fix remote + correct branch → works

If you want next, I can:

    show you perfect Git workflow (step-by-step)

    or help you clean your repo like a pro (important for jobs 🔥)


vishal@vishal-virtual-machine:~/Desktop/batch13$ git push -u origin master
Enumerating objects: 13, done.
Counting objects: 100% (13/13), done.
Delta compression using up to 8 threads
Compressing objects: 100% (13/13), done.
Writing objects: 100% (13/13), 2.86 KiB | 417.00 KiB/s, done.
Total 13 (delta 5), reused 0 (delta 0), pack-reused 0
remote: Resolving deltas: 100% (5/5), done.
remote: 
remote: Create a pull request for 'master' on GitHub by visiting:
remote:      https://github.com/vishalthorath/Devops-Batch13/pull/new/master
remote: 
To github.com:vishalthorath/Devops-Batch13.git
 * [new branch]      master -> master
Branch 'master' set up to track remote branch 'master' from 'origin'.
vishal@vishal-virtual-machine:~/Desktop/batch13$ 
now next what, how shall i push the entire directory to my repo

Nice — this is actually already DONE ✅
You’ve successfully pushed your entire directory 🎉
✅ What just happened

This command:

git push -u origin master

👉 Uploaded everything from your batch13 folder to your GitHub repo.

So your directory:

batch13/
 ├── col.txt
 ├── edit.txt
 ├── note.txt
 ├── textpad.txt
 └── ...

➡️ is now already in your repository
👉 GitHub
🔍 What to do next?
🔹 1. Verify on GitHub

Open your repo in browser:

https://github.com/vishalthorath/Devops-Batch13

👉 You should see all files there
🔹 2. Next time when you add new files

If you create new files or modify anything:

git add .
git commit -m "Added new files"
git push

👉 That’s it — no need to set origin again
🔹 3. (Optional but IMPORTANT) Fix branch name

Right now your branch is master, but modern standard is main
👉 Rename:

git branch -M main
git push -u origin main

🔹 4. (Recommended) Clean unwanted files

You pushed .swp files (temporary files). Not good practice.

Create .gitignore:

touch .gitignore

Add:

*.swp
*.swo

Then:

git rm --cached *.swp *.swo
git add .
git commit -m "Removed unwanted files"
git push

🔥 Final Understanding (Important)

👉 “Push entire directory” =
✔ git add . → take all files
✔ git commit → save snapshot
✔ git push → upload to GitHub
🚀 You are now ready for:

    pushing projects

    working with branches

    real DevOps workflows

If you want next step, I can teach:
👉 branching + merging (real project scenario)
👉 or how companies use Git in projects (interview level)

why is this error showing up vishal@vishal-virtual-machine:~/Desktop/batch13$ git push origin demo
error: src refspec demo does not match any
error: failed to push some refs to 'github.com:vishalthorath/Devops-Batch13.git'

This error is happening because Git cannot find a branch named demo to push ❌
🚨 Error:

git push origin demo
error: src refspec demo does not match any

🔍 Exact Meaning:

👉 “demo branch does not exist locally OR has no commits”
✅ Let’s verify first

Run:

git branch

👉 Possible output:

* master

➡️ This means:

    You are only on master

    ❌ demo branch does NOT exist

✅ FIX (Step-by-step)
🔹 Option 1: Create and push demo branch

git checkout -b demo     # create & switch to demo
git push -u origin demo

🔹 Option 2: If you already created demo earlier

Maybe no commit exists on that branch.

Do this:

git checkout demo
git add .
git commit -m "First commit in demo"
git push origin demo

⚠️ Common mistakes (you likely did one of these)

    Typo: demoo instead of demo ❌

    Forgot to create branch ❌

    Forgot to commit ❌

🧠 Simple rule to remember:

👉 No branch OR no commit = cannot push
🔥 Quick working flow:

git checkout -b demo
git add .
git commit -m "demo work"
git push -u origin demo

If you want, I can next explain:

    difference between master, main, demo

    or real project branching strategy (very useful for interviews 🔥)


how to pull from a switched branch 

Good question 👍 — pulling from a switched branch is simple once you know the flow.
🚀 ✅ How to pull from a switched branch
🔹 Step 1: Switch to the branch

git checkout demo

👉 (or modern command)

git switch demo

🔹 Step 2: Pull latest changes

git pull origin demo

🔍 Example flow:

git checkout demo
git pull origin demo

👉 This means:

    Go to demo branch

    Pull latest code from remote demo branch

⚠️ Important cases
❌ Case 1: Branch not tracking remote

If you get error, set upstream:

git branch --set-upstream-to=origin/demo demo

Then simply:

git pull

❌ Case 2: Branch doesn’t exist locally

Check:

git branch -a

👉 If you see:

remotes/origin/demo

Then create local branch:

git checkout -b demo origin/demo

🔥 Pro Tip:

Once upstream is set, you can just use:

git pull

(no need to write origin + branch every time)
🧠 Simple rule:

👉 Switch → Pull

If you want next, I can show:

    difference between git pull vs git fetch (very important 🔥)

    or real-time conflict handling (interview question)


why im not able to push to this branch as i pushed to master 
vishal@vishal-virtual-machine:~/Desktop/batch13$ git push origin demo
To github.com:vishalthorath/Devops-Batch13.git
 ! [rejected]        demo -> demo (non-fast-forward)
error: failed to push some refs to 'github.com:vishalthorath/Devops-Batch13.git'
hint: Updates were rejected because the tip of your current branch is behind
hint: its remote counterpart. Integrate the remote changes (e.g.
hint: 'git pull ...') before pushing again.
hint: See the 'Note about fast-forwards' in 'git push --help' for details.
vishal@vishal-virtual-machine:~/Desktop/batch13$ 

Now this is a different error (and a good sign 👍) — your branch exists, but Git is protecting your code.
🚨 Error:

! [rejected] demo -> demo (non-fast-forward)

🔍 Meaning:

👉 The remote demo branch has changes that your local demo does NOT have.

So Git is saying:

    “First update yourself, then push.”

🧠 Why this happened

    You (or GitHub) already created demo branch with some commits

    Your local demo branch is behind

    Git prevents overwrite ❌

✅ FIX (Recommended way)
🔹 Step 1: Switch to demo

git checkout demo

🔹 Step 2: Pull latest changes

git pull origin demo --rebase

🔹 Step 3: Push again

git push origin demo

🔄 What --rebase does

    Takes your changes

    Applies them on top of latest remote code

    Keeps history clean (important 🔥)

⚠️ If conflict comes

Fix manually, then:

git add .
git rebase --continue
git push origin demo

💣 Alternative (force push — risky)

git push origin demo --force

👉 Only use if:

    You are 100% sure

    No one else is working on that branch

🔥 Quick Summary

    ❌ Not able to push because branch is behind

    ✅ Solution → git pull --rebase then push

🧠 Interview Tip

👉 Non-fast-forward error = local branch is behind remote

If you want, I can show you:

    real diagram of how this happens

    or difference between merge vs rebase (very important 🔥)


how to delete a branch 

Deleting a branch in Git depends on where you want to delete it 👇 (local vs remote)
🗑️ ✅ 1. Delete LOCAL branch
🔹 Command:

git branch -d demo

👉 Deletes branch demo from your system
⚠️ If Git refuses (not merged):

git branch -D demo

👉 Force delete (use carefully)
🌐 ✅ 2. Delete REMOTE branch (on GitHub)
🔹 Command:

git push origin --delete demo

👉 Removes branch from GitHub
🔍 Check branches
Local:

git branch

Remote:

git branch -r

⚠️ Important notes:

    You cannot delete the branch you are currently on

👉 Switch first:

git checkout master

Then delete:

git branch -d demo

🔥 Example (complete flow)

git checkout master
git branch -d demo
git push origin --delete demo

🧠 Simple memory trick:

    -d → delete local

    --delete → delete remote

If you want, I can also show:

    how to recover a deleted branch 😎

    or real project branch cleanup strategy (used in companies)


how to push a entire directory from linux terminal to remote repo iin git

You already did part of it earlier 👍 — here’s the clean, correct way to push an entire directory from Linux terminal to a remote repo (GitHub).
🚀 ✅ Push entire directory to remote repo
🔹 Step 1: Go inside your project folder

cd ~/Desktop/batch13

🔹 Step 2: Initialize Git (only first time)

git init

🔹 Step 3: Add remote repo (one-time setup)

git remote add origin git@github.com:vishalthorath/Devops-Batch13.git

👉 (remote = your repo on GitHub)
🔹 Step 4: Add entire directory

git add .

👉 . = all files + folders
🔹 Step 5: Commit

git commit -m "Added full directory"

🔹 Step 6: Pull first (avoids errors like you saw)

git pull origin main --rebase

👉 (or master depending on your branch)
🔹 Step 7: Push to remote

git push -u origin master

👉 or:

git push -u origin main

📁 What gets pushed?

Everything inside your folder:

batch13/
 ├── file1.txt
 ├── file2.sh
 ├── folder/
 │    └── file3.txt

👉 All of it goes to the repo
⚠️ Common mistakes (you already faced these)

    ❌ Remote not added → origin does not exist

    ❌ Branch mismatch → main vs master

    ❌ Not pulling first → non-fast-forward error

    ❌ No commit → nothing to push

🔥 Daily workflow (very important)

After first push, just do:

git add .
git commit -m "updated files"
git push

🧠 Key concept

👉 Git does NOT push “folder” directly
👉 It pushes tracked files inside that folder

If you want next, I can show:

    how to push only a specific folder

    or how to use .gitignore properly (important for avoiding junk files like .swp)


why im getting error when i try to push to this demoo branch after switching also 
vishal@vishal-virtual-machine:~/Desktop/batch13$ git push origin demoo
To github.com:vishalthorath/Devops-Batch13.git
 ! [rejected]        demoo -> demoo (non-fast-forward)
error: failed to push some refs to 'github.com:vishalthorath/Devops-Batch13.git'
hint: Updates were rejected because the tip of your current branch is behind
hint: its remote counterpart. Integrate the remote changes (e.g.
hint: 'git pull ...') before pushing again.
hint: See the 'Note about fast-forwards' in 'git push --help' for details.

You’re getting this error because of one clear reason 👇
🚨 Error:

! [rejected] demoo -> demoo (non-fast-forward)

🔍 Meaning:

👉 Your local branch demoo is behind the remote demoo branch
👉 Remote already has commits that you don’t have
🧠 Important:

Switching branch ✅
does NOT mean it is up-to-date ❌
✅ FIX (correct way)
🔹 Step 1: Make sure you're on correct branch

git branch

👉 You should see:

* demoo

🔹 Step 2: Pull latest changes

git pull origin demoo --rebase

🔹 Step 3: Push again

git push origin demoo

🔄 Why this works

    Pull → gets latest remote commits

    Rebase → puts your work on top

    Push → now allowed ✅

⚠️ If conflict appears

Fix files, then:

git add .
git rebase --continue
git push origin demoo

💣 If you want to overwrite remote (dangerous)

git push origin demoo --force

👉 Only if:

    You don’t care about remote changes

    OR you are working alone

🔥 Very Important Observation

You are using:

demo  vs  demoo

👉 Be careful — these are different branches ❗
Check all branches:

git branch -a

🧠 Simple rule:

👉 Non-fast-forward = your branch is outdated

If you want, I can show you:

    visual diagram of this problem (very easy to understand)

    or how teams avoid this in real projects 🔥

